seg000:0000 ;
seg000:0000 ; +-------------------------------------------------------------------------+
seg000:0000 ; |      This file was generated by The Interactive Disassembler (IDA)      |
seg000:0000 ; |           Copyright (c) 2025 Hex-Rays, <support@hex-rays.com>           |
seg000:0000 ; |                      License info: BA-7707-9A73-56                      |
seg000:0000 ; |                      MastaExo <Mastaexo@mastaexo>                       |
seg000:0000 ; +-------------------------------------------------------------------------+
seg000:0000 ;
seg000:0000 ; Input SHA256 : 7453EC41119DC322D594DA19775D596F6E15E810279585A9449363DD1B159149
seg000:0000 ; Input MD5    : 91120A5631B873A46E6DAD0030A7EB25
seg000:0000 ; Input CRC32  : 1071F6C9
seg000:0000 ; Compiler     : Visual C++ (guessed)
seg000:0000
seg000:0000 ; File Name   : Z:\home\xor\games\airborn\TANDYSND.EXE
seg000:0000 ; Format      : MS-DOS executable (EXE)
seg000:0000 ; Base Address: 1000h Range: 10000h-108CAh Loaded length: 8CAh
seg000:0000 ; Entry Point : 1000:0
seg000:0000
seg000:0000                 .686p
seg000:0000                 .mmx
seg000:0000                 .model large
seg000:0000
seg000:0000 ; ===========================================================================
seg000:0000
seg000:0000 ; Segment type: Pure code
seg000:0000 seg000          segment byte public 'CODE' use16
seg000:0000                 assume cs:seg000
seg000:0000                 assume es:nothing, ss:seg000, ds:nothing, fs:nothing, gs:nothing
seg000:0000                 public start
seg000:0000 start           db 54h
seg000:0001                 db 41h
seg000:0002                 db 4Eh
seg000:0003                 db 44h
seg000:0004                 db 59h
seg000:0005                 db 53h
seg000:0006                 db 4Eh
seg000:0007                 db 44h
seg000:0008                 db 2Eh
seg000:0009                 db  45h ; E
seg000:000A                 db 58h
seg000:000B                 db 45h
seg000:000C                 db 30h
seg000:000D                 db  39h ; 9
seg000:000E                 db 2Dh
seg000:000F                 db  30h ; 0
seg000:0010                 db  31h ; 1
seg000:0011                 db 2Dh
seg000:0012                 db  38h ; 8
seg000:0013                 db  38h ; 8
seg000:0014                 db 4 dup(0)
seg000:0018                 dw seg seg001
seg000:001A                 dw seg seg000
seg000:001C                 db 2 dup(0), 71h, 0, 5Ah, 8, 7, 0, 1Dh, 0, 26h, 0, 8, 0
seg000:002A                 db 2, 0, 9, 0, 0Fh, 0, 9, 0, 43h, 6Fh, 70h, 79h, 72h, 69h
seg000:0038                 db 67h, 68h, 74h, 20h, 28h, 43h, 29h, 20h, 31h, 39h, 2 dup(38h)
seg000:0044                 db 20h, 62h, 79h, 20h, 4Dh, 69h, 63h, 72h, 6Fh, 50h, 72h
seg000:004F                 db 6Fh, 73h, 65h, 20h, 53h, 6Fh, 66h, 74h, 77h, 61h, 72h
seg000:005A                 db 65h, 2Ch, 20h, 41h, 2 dup(6Ch), 20h, 52h, 69h, 67h
seg000:0064                 db 68h, 74h, 73h, 20h, 52h, 65h, 73h, 65h, 72h, 76h, 65h
seg000:006F                 db 64h
seg000:006F seg000          ends
seg000:006F
seg001:0000 ; ===========================================================================
seg001:0000
seg001:0000 ; Segment type: Pure code
seg001:0000 seg001          segment byte public 'CODE' use16
seg001:0000                 assume cs:seg001
seg001:0000                 assume es:nothing, ss:nothing, ds:nothing, fs:nothing, gs:nothing
seg001:0000                 db 2Eh
seg001:0001                 db    0
seg001:0002                 db  0Eh
seg001:0003                 db  1Fh
seg001:0004 ; ---------------------------------------------------------------------------
seg001:0004                 call    sub_1040B
seg001:0007                 retf
seg001:0008 ; ---------------------------------------------------------------------------
seg001:0008                 retf
seg001:0009 ; ---------------------------------------------------------------------------
seg001:0009                 push    cs
seg001:000A                 pop     ds
seg001:000B                 assume ds:seg001
seg001:000B                 call    sub_104A4
seg001:000E                 retf
seg001:000F ; ---------------------------------------------------------------------------
seg001:000F                 push    cs
seg001:0010                 pop     ds
seg001:0011                 cmp     byte_100D7, 0FFh
seg001:0016                 jz      short locret_1008C
seg001:0018                 call    off_10380[bx]
seg001:001C
seg001:001C locret_1008C:                           ; CODE XREF: seg001:0016↑j
seg001:001C                 retf
seg001:001D ; ---------------------------------------------------------------------------
seg001:001D                 push    cs
seg001:001E                 pop     ds
seg001:001F                 mov     byte_100D7, 0
seg001:0024                 nop
seg001:0025                 retf
seg001:0026 ; ---------------------------------------------------------------------------
seg001:0026                 push    cs
seg001:0027                 pop     ds
seg001:0028                 mov     byte_100D7, 0FFh
seg001:002D                 nop
seg001:002E                 retf
seg001:002E ; ---------------------------------------------------------------------------
seg001:002F unk_1009F       db    0                 ; DATA XREF: sub_104A4+13↓o
seg001:0030                 db    0
seg001:0031                 db    0
seg001:0032                 db    0
seg001:0033                 db    0
seg001:0034                 db    0
seg001:0035                 db    0
seg001:0036                 db    0
seg001:0037                 db    0
seg001:0038                 db    0
seg001:0039                 db    0
seg001:003A                 db    0
seg001:003B                 db    0
seg001:003C                 db    0
seg001:003D                 db    0
seg001:003E                 db    0
seg001:003F                 db    0
seg001:0040                 db    0
seg001:0041                 db    0
seg001:0042                 db    0
seg001:0043                 db    0
seg001:0044                 db    0
seg001:0045                 db    0
seg001:0046                 db    0
seg001:0047                 db    0
seg001:0048                 db    0
seg001:0049                 db    0
seg001:004A                 db    0
seg001:004B                 db    0
seg001:004C                 db    0
seg001:004D                 db    0
seg001:004E                 db    0
seg001:004F                 db    0
seg001:0050                 db    0
seg001:0051                 db    0
seg001:0052                 db    0
seg001:0053                 db    0
seg001:0054                 db    0
seg001:0055                 db    0
seg001:0056                 db    0
seg001:0057                 db    0
seg001:0058                 db    0
seg001:0059                 db    0
seg001:005A                 db    0
seg001:005B                 db    0
seg001:005C                 db    0
seg001:005D                 db    0
seg001:005E                 db    0
seg001:005F                 db    0
seg001:0060                 db    0
seg001:0061                 db    0
seg001:0062                 db    0
seg001:0063                 dw 0
seg001:0065                 db 0
seg001:0066                 db    0
seg001:0067 byte_100D7      db 0                    ; DATA XREF: seg001:0011↑r
seg001:0067                                         ; seg001:001F↑w ...
seg001:0068                 db 0
seg001:0069 byte_100D9      db 0                    ; DATA XREF: seg001:0388↓w
seg001:006A                 db 91h
seg001:006B                 db 0F4h
seg001:006C                 db    5
seg001:006D                 db  14h
seg001:006E                 db    2
seg001:006F                 db    1
seg001:0070                 db  2Ch ; ,
seg001:0071                 db    0
seg001:0072                 db  8Ah
seg001:0073                 db  5Ah ; Z
seg001:0074                 db 0A2h
seg001:0075                 db  0Ch
seg001:0076                 db  82h
seg001:0077                 db    1
seg001:0078                 db  1Ch
seg001:0079                 db  40h ; @
seg001:007A                 db 0C8h
seg001:007B                 db 0B2h
seg001:007C                 db  4Dh ; M
seg001:007D                 db  85h
seg001:007E                 db    1
seg001:007F                 db  2Dh ; -
seg001:0080                 db  11h
seg001:0081                 db  2Fh ; /
seg001:0082                 db  43h ; C
seg001:0083                 db    0
seg001:0084                 db 0B3h
seg001:0085                 db  49h ; I
seg001:0086                 db  82h
seg001:0087                 db    1
seg001:0088                 db  18h
seg001:0089                 db  11h
seg001:008A                 db  26h ; &
seg001:008B                 db  3Ch ; <
seg001:008C                 db    0
seg001:008D                 db  90h
seg001:008E                 db    4
seg001:008F                 db 0C0h
seg001:0090                 db    1
seg001:0091                 db    8
seg001:0092                 db    1
seg001:0093                 db    3
seg001:0094                 db 0D0h
seg001:0095                 db    4
seg001:0096                 db 0C2h
seg001:0097                 db    2
seg001:0098                 db    8
seg001:0099                 db    1
seg001:009A                 db    1
seg001:009B                 db    5
seg001:009C                 db    0
seg001:009D                 db 0B1h
seg001:009E                 db  0Bh
seg001:009F                 db    4
seg001:00A0                 db    1
seg001:00A1                 db  14h
seg001:00A2                 db  11h
seg001:00A3                 db  1Ah
seg001:00A4                 db  3Ch ; <
seg001:00A5                 db    0
seg001:00A6                 db  90h
seg001:00A7                 db    1
seg001:00A8                 db 0C6h
seg001:00A9                 db    1
seg001:00AA                 db    8
seg001:00AB                 db    4
seg001:00AC                 db  24h ; $
seg001:00AD                 db    0
seg001:00AE                 db  91h
seg001:00AF                 db  52h ; R
seg001:00B0                 db  0Dh
seg001:00B1                 db    1
seg001:00B2                 db    8
seg001:00B3                 db    1
seg001:00B4                 db  0Eh
seg001:00B5                 db  91h
seg001:00B6                 db 0E4h
seg001:00B7                 db    8
seg001:00B8                 db    1
seg001:00B9                 db    8
seg001:00BA                 db    1
seg001:00BB                 db  0Eh
seg001:00BC                 db  91h
seg001:00BD                 db  67h ; g
seg001:00BE                 db    8
seg001:00BF                 db    1
seg001:00C0                 db    8
seg001:00C1                 db    1
seg001:00C2                 db  14h
seg001:00C3                 db    0
seg001:00C4                 db  91h
seg001:00C5                 db 0F2h
seg001:00C6                 db    5
seg001:00C7                 db    1
seg001:00C8                 db    8
seg001:00C9                 db    1
seg001:00CA                 db  0Eh
seg001:00CB                 db  91h
seg001:00CC                 db  34h ; 4
seg001:00CD                 db    4
seg001:00CE                 db    1
seg001:00CF                 db    8
seg001:00D0                 db    1
seg001:00D1                 db  0Eh
seg001:00D2                 db  91h
seg001:00D3                 db  57h ; W
seg001:00D4                 db    3
seg001:00D5                 db    1
seg001:00D6                 db    8
seg001:00D7                 db    1
seg001:00D8                 db  14h
seg001:00D9                 db    0
seg001:00DA                 db  92h
seg001:00DB                 db 0B3h
seg001:00DC                 db  44h ; D
seg001:00DD                 db    1
seg001:00DE                 db    8
seg001:00DF                 db    1
seg001:00E0                 db  0Eh
seg001:00E1                 db  92h
seg001:00E2                 db  95h
seg001:00E3                 db  45h ; E
seg001:00E4                 db    1
seg001:00E5                 db    8
seg001:00E6                 db    1
seg001:00E7                 db  0Eh
seg001:00E8                 db  92h
seg001:00E9                 db  47h ; G
seg001:00EA                 db  45h ; E
seg001:00EB                 db    1
seg001:00EC                 db    8
seg001:00ED                 db    1
seg001:00EE                 db  14h
seg001:00EF                 db    0
seg001:00F0                 db  90h
seg001:00F1                 db    9
seg001:00F2                 db 0C5h
seg001:00F3                 db    1
seg001:00F4                 db  0Fh
seg001:00F5                 db    4
seg001:00F6                 db  24h ; $
seg001:00F7                 db    0
seg001:00F8                 db 0A3h
seg001:00F9                 db  0Fh
seg001:00FA                 db  98h
seg001:00FB                 db    1
seg001:00FC                 db  10h
seg001:00FD                 db  30h ; 0
seg001:00FE                 db  3Ch ; <
seg001:00FF                 db    0
seg001:0100                 db  90h
seg001:0101                 db    5
seg001:0102                 db 0C3h
seg001:0103                 db    1
seg001:0104                 db    8
seg001:0105                 db    2
seg001:0106                 db  3Dh ; =
seg001:0107                 db    0
seg001:0108                 db 0A3h
seg001:0109                 db  9Dh
seg001:010A                 db  86h
seg001:010B                 db    1
seg001:010C                 db 0F0h
seg001:010D                 db  10h
seg001:010E                 db  3Dh ; =
seg001:010F                 db    0
seg001:0110                 db  90h
seg001:0111                 db    2
seg001:0112                 db 0C3h
seg001:0113                 db  1Eh
seg001:0114                 db    1
seg001:0115                 db    3
seg001:0116                 db  34h ; 4
seg001:0117                 db  90h
seg001:0118                 db  0Dh
seg001:0119                 db 0C6h
seg001:011A                 db    1
seg001:011B                 db  0Eh
seg001:011C                 db    2
seg001:011D                 db    8
seg001:011E                 db    0
seg001:011F                 db  90h
seg001:0120                 db    7
seg001:0121                 db 0C6h
seg001:0122                 db    1
seg001:0123                 db    8
seg001:0124                 db    2
seg001:0125                 db    8
seg001:0126                 db  90h
seg001:0127                 db    4
seg001:0128                 db 0C6h
seg001:0129                 db    8
seg001:012A                 db    1
seg001:012B                 db    2
seg001:012C                 db  19h
seg001:012D                 db    0
seg001:012E                 db  80h
seg001:012F                 db    9
seg001:0130                 db 0C4h
seg001:0131                 db    2
seg001:0132                 db    0
seg001:0133                 db  90h
seg001:0134                 db    0
seg001:0135                 db 0C7h
seg001:0136                 db  0Fh
seg001:0137                 db    1
seg001:0138                 db    3
seg001:0139                 db  3Ch ; <
seg001:013A                 db    0
seg001:013B                 db 0A3h
seg001:013C                 db  0Fh
seg001:013D                 db  90h
seg001:013E                 db    1
seg001:013F                 db  10h
seg001:0140                 db  30h ; 0
seg001:0141                 db  3Ch ; <
seg001:0142                 db    0
seg001:0143                 db  90h
seg001:0144                 db    4
seg001:0145                 db 0C3h
seg001:0146                 db    5
seg001:0147                 db    1
seg001:0148                 db    1
seg001:0149                 db  0Fh
seg001:014A                 db    0
seg001:014B                 db  90h
seg001:014C                 db    2
seg001:014D                 db 0C7h
seg001:014E                 db  0Ah
seg001:014F                 db    1
seg001:0150                 db    3
seg001:0151                 db  25h ; %
seg001:0152                 db    0
seg001:0153                 db 0A3h
seg001:0154                 db  0Fh
seg001:0155                 db  88h
seg001:0156                 db    1
seg001:0157                 db  40h ; @
seg001:0158                 db  10h
seg001:0159                 db  0Fh
seg001:015A                 db    0
seg001:015B                 db 0A3h
seg001:015C                 db  0Fh
seg001:015D                 db  86h
seg001:015E                 db    1
seg001:015F                 db  40h ; @
seg001:0160                 db  10h
seg001:0161                 db  0Fh
seg001:0162                 db    0
seg001:0163                 db  88h
seg001:0164                 db  5Ah ; Z
seg001:0165                 db  80h
seg001:0166                 db    5
seg001:0167                 db 0C3h
seg001:0168                 db  0Fh
seg001:0169                 db    0
seg001:016A                 db  8Bh
seg001:016B                 db  5Ah ; Z
seg001:016C                 db 0A3h
seg001:016D                 db  9Bh
seg001:016E                 db  86h
seg001:016F                 db    1
seg001:0170                 db 0C0h
seg001:0171                 db  10h
seg001:0172                 db  0Fh
seg001:0173                 db    0
seg001:0174                 db  8Bh
seg001:0175                 db  5Ah ; Z
seg001:0176                 db 0A3h
seg001:0177                 db 0BBh
seg001:0178                 db  84h
seg001:0179                 db    1
seg001:017A                 db  30h ; 0
seg001:017B                 db  10h
seg001:017C                 db  0Fh
seg001:017D                 db    0
seg001:017E                 db 0D0h
seg001:017F                 db    0
seg001:0180                 db 0C7h
seg001:0181                 db    1
seg001:0182                 db    1
seg001:0183                 db    2
seg001:0184                 db    2
seg001:0185                 db  0Fh
seg001:0186                 db    0
seg001:0187                 db 0E3h
seg001:0188                 db  9Fh
seg001:0189                 db  89h
seg001:018A                 db    1
seg001:018B                 db  10h
seg001:018C                 db  10h
seg001:018D                 db    2
seg001:018E                 db  0Fh
seg001:018F                 db    0
seg001:0190                 db  90h
seg001:0191                 db    2
seg001:0192                 db 0C5h
seg001:0193                 db    1
seg001:0194                 db    4
seg001:0195                 db    2
seg001:0196                 db  1Eh
seg001:0197                 db    0
seg001:0198                 db  90h
seg001:0199                 db  0Ch
seg001:019A                 db 0C7h
seg001:019B                 db    1
seg001:019C                 db  0Fh
seg001:019D                 db  0Fh
seg001:019E                 db  69h ; i
seg001:019F                 db  90h
seg001:01A0                 db    6
seg001:01A1                 db 0C7h
seg001:01A2                 db  1Eh
seg001:01A3                 db    1
seg001:01A4                 db  0Fh
seg001:01A5                 db 0A2h
seg001:01A6                 db    0
seg001:01A7                 db 0A3h
seg001:01A8                 db  0Dh
seg001:01A9                 db  85h
seg001:01AA                 db    1
seg001:01AB                 db 0F0h
seg001:01AC                 db  50h ; P
seg001:01AD                 db 0C8h
seg001:01AE                 db  93h
seg001:01AF                 db  7Dh ; }
seg001:01B0                 db  82h
seg001:01B1                 db  25h ; %
seg001:01B2                 db    1
seg001:01B3                 db  0Fh
seg001:01B4                 db  43h ; C
seg001:01B5                 db    0
seg001:01B6                 db  80h
seg001:01B7                 db    4
seg001:01B8                 db 0C2h
seg001:01B9                 db    2
seg001:01BA                 db    0
seg001:01BB                 db  92h
seg001:01BC                 db  82h
seg001:01BD                 db  7Fh ; 
seg001:01BE                 db    1
seg001:01BF                 db    8
seg001:01C0                 db    1
seg001:01C1                 db 0FFh
seg001:01C2                 db    0
seg001:01C3                 db  92h
seg001:01C4                 db 0F7h
seg001:01C5                 db  7Fh ; 
seg001:01C6                 db    1
seg001:01C7                 db  88h
seg001:01C8                 db  12h
seg001:01C9                 db 0FFh
seg001:01CA                 db    0
seg001:01CB                 db  80h
seg001:01CC                 db    4
seg001:01CD                 db 0C2h
seg001:01CE                 db    8
seg001:01CF                 db    0
seg001:01D0                 db  92h
seg001:01D1                 db 0EEh
seg001:01D2                 db  0Bh
seg001:01D3                 db    1
seg001:01D4                 db  0Eh
seg001:01D5                 db    1
seg001:01D6                 db    5
seg001:01D7                 db  92h
seg001:01D8                 db  74h ; t
seg001:01D9                 db    9
seg001:01DA                 db    1
seg001:01DB                 db    1
seg001:01DC                 db    1
seg001:01DD                 db  0Bh
seg001:01DE                 db    0
seg001:01DF                 db  80h
seg001:01E0                 db 0FDh
seg001:01E1                 db  0Eh
seg001:01E2                 db  0Eh
seg001:01E3                 db  80h
seg001:01E4                 db  6Dh ; m
seg001:01E5                 db    8
seg001:01E6                 db  0Eh
seg001:01E7                 db  80h
seg001:01E8                 db  7Dh ; }
seg001:01E9                 db    9
seg001:01EA                 db  0Eh
seg001:01EB                 db  80h
seg001:01EC                 db  0Dh
seg001:01ED                 db  0Ah
seg001:01EE                 db  0Eh
seg001:01EF                 db  80h
seg001:01F0                 db 0FDh
seg001:01F1                 db  0Eh
seg001:01F2                 db    7
seg001:01F3                 db  80h
seg001:01F4                 db  5Dh ; ]
seg001:01F5                 db  0Dh
seg001:01F6                 db    7
seg001:01F7                 db  80h
seg001:01F8                 db  9Dh
seg001:01F9                 db  0Ch
seg001:01FA                 db    7
seg001:01FB                 db  80h
seg001:01FC                 db  7Dh ; }
seg001:01FD                 db    9
seg001:01FE                 db    7
seg001:01FF                 db  80h
seg001:0200                 db  0Dh
seg001:0201                 db  0Ah
seg001:0202                 db    7
seg001:0203                 db  80h
seg001:0204                 db  9Dh
seg001:0205                 db  0Ch
seg001:0206                 db    7
seg001:0207                 db  80h
seg001:0208                 db  5Dh ; ]
seg001:0209                 db  0Dh
seg001:020A                 db    7
seg001:020B                 db 0C0h
seg001:020C                 db  9Dh
seg001:020D                 db  0Ch
seg001:020E                 db    2
seg001:020F                 db    7
seg001:0210                 db  80h
seg001:0211                 db 0EDh
seg001:0212                 db  0Bh
seg001:0213                 db  0Eh
seg001:0214                 db  80h
seg001:0215                 db  2Dh ; -
seg001:0216                 db  0Bh
seg001:0217                 db  0Eh
seg001:0218                 db  80h
seg001:0219                 db  9Dh
seg001:021A                 db  0Ah
seg001:021B                 db  0Eh
seg001:021C                 db  80h
seg001:021D                 db  0Dh
seg001:021E                 db  0Ah
seg001:021F                 db  0Eh
seg001:0220                 db  80h
seg001:0221                 db  7Dh ; }
seg001:0222                 db    9
seg001:0223                 db  0Eh
seg001:0224                 db  80h
seg001:0225                 db 0EDh
seg001:0226                 db    8
seg001:0227                 db  0Eh
seg001:0228                 db  80h
seg001:0229                 db  6Dh ; m
seg001:022A                 db    8
seg001:022B                 db  0Eh
seg001:022C                 db  80h
seg001:022D                 db 0FDh
seg001:022E                 db    7
seg001:022F                 db  0Eh
seg001:0230                 db  80h
seg001:0231                 db  7Dh ; }
seg001:0232                 db    7
seg001:0233                 db  0Eh
seg001:0234                 db    0
seg001:0235                 db  81h
seg001:0236                 db 0F7h
seg001:0237                 db  7Bh ; {
seg001:0238                 db  1Ch
seg001:0239                 db  81h
seg001:023A                 db  17h
seg001:023B                 db  68h ; h
seg001:023C                 db  1Ch
seg001:023D                 db  81h
seg001:023E                 db 0F7h
seg001:023F                 db  7Bh ; {
seg001:0240                 db  1Ch
seg001:0241                 db 0C1h
seg001:0242                 db    9
seg001:0243                 db  54h ; T
seg001:0244                 db    2
seg001:0245                 db  1Ch
seg001:0246                 db  81h
seg001:0247                 db 0D8h
seg001:0248                 db  65h ; e
seg001:0249                 db  0Eh
seg001:024A                 db  81h
seg001:024B                 db  18h
seg001:024C                 db  68h ; h
seg001:024D                 db  0Eh
seg001:024E                 db  81h
seg001:024F                 db  77h ; w
seg001:0250                 db  6Ah ; j
seg001:0251                 db  0Eh
seg001:0252                 db  81h
seg001:0253                 db 0A7h
seg001:0254                 db  6Ch ; l
seg001:0255                 db  0Eh
seg001:0256                 db  81h
seg001:0257                 db 0A6h
seg001:0258                 db  6Fh ; o
seg001:0259                 db  0Eh
seg001:025A                 db  81h
seg001:025B                 db  76h ; v
seg001:025C                 db  72h ; r
seg001:025D                 db  0Eh
seg001:025E                 db  81h
seg001:025F                 db  75h ; u
seg001:0260                 db  75h ; u
seg001:0261                 db  0Eh
seg001:0262                 db  81h
seg001:0263                 db  94h
seg001:0264                 db  78h ; x
seg001:0265                 db  0Eh
seg001:0266                 db  81h
seg001:0267                 db 0F3h
seg001:0268                 db  7Bh ; {
seg001:0269                 db  0Eh
seg001:026A                 db    0
seg001:026B                 db  82h
seg001:026C                 db 0FEh
seg001:026D                 db  83h
seg001:026E                 db    7
seg001:026F                 db  82h
seg001:0270                 db 0FEh
seg001:0271                 db  83h
seg001:0272                 db    7
seg001:0273                 db  82h
seg001:0274                 db  8Eh
seg001:0275                 db  84h
seg001:0276                 db    7
seg001:0277                 db  82h
seg001:0278                 db  8Eh
seg001:0279                 db  84h
seg001:027A                 db    7
seg001:027B                 db  82h
seg001:027C                 db  0Eh
seg001:027D                 db  85h
seg001:027E                 db    7
seg001:027F                 db  82h
seg001:0280                 db  0Eh
seg001:0281                 db  85h
seg001:0282                 db    7
seg001:0283                 db  82h
seg001:0284                 db  6Eh ; n
seg001:0285                 db  85h
seg001:0286                 db    7
seg001:0287                 db  82h
seg001:0288                 db  6Eh ; n
seg001:0289                 db  85h
seg001:028A                 db    7
seg001:028B                 db  82h
seg001:028C                 db 0FEh
seg001:028D                 db  83h
seg001:028E                 db    7
seg001:028F                 db  82h
seg001:0290                 db  9Eh
seg001:0291                 db  83h
seg001:0292                 db    7
seg001:0293                 db  82h
seg001:0294                 db  6Eh ; n
seg001:0295                 db  83h
seg001:0296                 db    7
seg001:0297                 db  82h
seg001:0298                 db  8Eh
seg001:0299                 db  82h
seg001:029A                 db    7
seg001:029B                 db  82h
seg001:029C                 db 0BEh
seg001:029D                 db  82h
seg001:029E                 db    7
seg001:029F                 db  82h
seg001:02A0                 db  6Eh ; n
seg001:02A1                 db  83h
seg001:02A2                 db    7
seg001:02A3                 db  82h
seg001:02A4                 db  9Eh
seg001:02A5                 db  83h
seg001:02A6                 db    7
seg001:02A7                 db 0C2h
seg001:02A8                 db  6Eh ; n
seg001:02A9                 db  83h
seg001:02AA                 db    2
seg001:02AB                 db    7
seg001:02AC                 db  82h
seg001:02AD                 db  2Fh ; /
seg001:02AE                 db  83h
seg001:02AF                 db    7
seg001:02B0                 db  82h
seg001:02B1                 db  2Fh ; /
seg001:02B2                 db  83h
seg001:02B3                 db    7
seg001:02B4                 db  82h
seg001:02B5                 db  0Fh
seg001:02B6                 db  83h
seg001:02B7                 db    7
seg001:02B8                 db  82h
seg001:02B9                 db  0Fh
seg001:02BA                 db  83h
seg001:02BB                 db    7
seg001:02BC                 db  82h
seg001:02BD                 db 0DFh
seg001:02BE                 db  82h
seg001:02BF                 db    7
seg001:02C0                 db  82h
seg001:02C1                 db 0DFh
seg001:02C2                 db  82h
seg001:02C3                 db    7
seg001:02C4                 db  82h
seg001:02C5                 db 0BFh
seg001:02C6                 db  82h
seg001:02C7                 db    7
seg001:02C8                 db  82h
seg001:02C9                 db 0BFh
seg001:02CA                 db  82h
seg001:02CB                 db    7
seg001:02CC                 db  82h
seg001:02CD                 db  8Fh
seg001:02CE                 db  82h
seg001:02CF                 db    7
seg001:02D0                 db  82h
seg001:02D1                 db  8Fh
seg001:02D2                 db  82h
seg001:02D3                 db    7
seg001:02D4                 db  82h
seg001:02D5                 db  6Fh ; o
seg001:02D6                 db  82h
seg001:02D7                 db    7
seg001:02D8                 db  82h
seg001:02D9                 db  6Fh ; o
seg001:02DA                 db  82h
seg001:02DB                 db    7
seg001:02DC                 db  82h
seg001:02DD                 db  4Fh ; O
seg001:02DE                 db  82h
seg001:02DF                 db    7
seg001:02E0                 db  82h
seg001:02E1                 db  4Fh ; O
seg001:02E2                 db  82h
seg001:02E3                 db    7
seg001:02E4                 db  82h
seg001:02E5                 db  2Fh ; /
seg001:02E6                 db  82h
seg001:02E7                 db    7
seg001:02E8                 db  82h
seg001:02E9                 db  2Fh ; /
seg001:02EA                 db  82h
seg001:02EB                 db    7
seg001:02EC                 db  82h
seg001:02ED                 db 0FFh
seg001:02EE                 db  81h
seg001:02EF                 db  1Ch
seg001:02F0                 db  82h
seg001:02F1                 db 0FFh
seg001:02F2                 db  83h
seg001:02F3                 db  1Ch
seg001:02F4                 db  82h
seg001:02F5                 db 0FFh
seg001:02F6                 db  87h
seg001:02F7                 db  1Ch
seg001:02F8                 db  82h
seg001:02F9                 db 0FFh
seg001:02FA                 db  8Fh
seg001:02FB                 db  1Ch
seg001:02FC                 db    0
seg001:02FD                 db 0D3h
seg001:02FE                 db    3
seg001:02FF                 db 0C3h
seg001:0300                 db    3
seg001:0301                 db    1
seg001:0302                 db    1
seg001:0303                 db  38h ; 8
seg001:0304                 db    7
seg001:0305                 db  8Bh
seg001:0306                 db  18h
seg001:0307                 db 0D3h
seg001:0308                 db    3
seg001:0309                 db 0C3h
seg001:030A                 db    3
seg001:030B                 db    1
seg001:030C                 db    1
seg001:030D                 db    2
seg001:030E                 db    8
seg001:030F                 db    0
seg001:0310 off_10380       dw offset sub_106D7     ; DATA XREF: seg001:0018↑r
seg001:0310                                         ; seg001:0369↓r
seg001:0312                 dw offset sub_107C9
seg001:0314                 dw offset sub_1076B
seg001:0316                 dw offset sub_1075C
seg001:0318                 dw offset sub_10781
seg001:031A                 dw offset sub_1071C
seg001:031C                 dw offset sub_106E8
seg001:031E                 dw offset sub_10677
seg001:0320                 dw offset sub_107BB
seg001:0322                 dw offset sub_107A6
seg001:0324                 dw offset sub_107E5
seg001:0326                 dw offset sub_10790
seg001:0328                 dw offset sub_10801
seg001:032A                 dw offset sub_107FA
seg001:032C                 dw offset sub_1067E
seg001:032E                 dw offset sub_106FE
seg001:0330                 dw offset sub_10826
seg001:0332                 dw offset sub_10820
seg001:0334                 dw offset locret_104C4
seg001:0336                 dw offset sub_106A5
seg001:0338                 dw offset sub_1069E
seg001:033A                 dw offset sub_1081A
seg001:033C                 dw offset sub_10814
seg001:033E                 dw offset sub_10661
seg001:0340                 dw offset sub_10867
seg001:0342                 dw offset sub_106C3
seg001:0344                 dw offset sub_1069E
seg001:0346                 dw offset sub_1069E
seg001:0348                 dw offset sub_107D7
seg001:034A                 dw offset sub_10652
seg001:034C                 dw offset sub_1070D
seg001:034E                 dw offset sub_1073F
seg001:0350                 dw offset sub_10746
seg001:0352                 dw offset sub_10851
seg001:0354                 dw offset sub_10867
seg001:0356                 dw offset sub_10833
seg001:0358                 dw offset sub_106E2
seg001:035A                 dw offset sub_106B0
seg001:035C                 dw offset sub_1080E
seg001:035E                 dw offset sub_106D0
seg001:0360                 dw offset sub_1072A
seg001:0362                 dw offset sub_10731
seg001:0364 ; ---------------------------------------------------------------------------
seg001:0364                 cmp     bx, 52h ; 'R'
seg001:0367                 ja      short locret_103DD
seg001:0369                 call    off_10380[bx]
seg001:036D
seg001:036D locret_103DD:                           ; CODE XREF: seg001:0367↑j
seg001:036D                 retn
seg001:036D ; ---------------------------------------------------------------------------
seg001:036E dword_103DE     dd 0                    ; DATA XREF: sub_1040B+2F↓w
seg001:036E                                         ; seg001:0408↓r ...
seg001:0372 byte_103E2      db 0                    ; DATA XREF: seg001:0373↓r
seg001:0372                                         ; seg001:0394↓w ...
seg001:0373 ; ---------------------------------------------------------------------------
seg001:0373                 cmp     cs:byte_103E2, 0FFh
seg001:0379                 jz      short locret_1040A
seg001:037B                 push    ax
seg001:037C                 push    ds
seg001:037D                 push    cs
seg001:037E                 pop     ds
seg001:037F                 push    di
seg001:0380                 push    cx
seg001:0381                 push    bx
seg001:0382                 call    sub_104C5
seg001:0385                 pop     bx
seg001:0386                 pop     cx
seg001:0387                 pop     di
seg001:0388                 dec     byte_100D9
seg001:038C                 jz      short loc_1046B
seg001:038E                 pop     ds
seg001:038F                 assume ds:nothing
seg001:038F                 mov     al, 20h ; ' '
seg001:0391                 out     20h, al         ; Interrupt controller, 8259A.
seg001:0393                 pop     ax
seg001:0394                 mov     cs:byte_103E2, 0
seg001:039A
seg001:039A locret_1040A:                           ; CODE XREF: seg001:0379↑j
seg001:039A                 iret
seg001:039B
seg001:039B ; =============== S U B R O U T I N E =======================================
seg001:039B
seg001:039B
seg001:039B sub_1040B       proc near               ; CODE XREF: seg001:0004↑p
seg001:039B                 mov     byte ptr ds:67h, 0
seg001:03A0                 mov     byte ptr ds:65h, 0
seg001:03A5                 mov     word ptr ds:63h, 0
seg001:03AB                 mov     cs:byte_103E2, 0
seg001:03B1                 cli
seg001:03B2                 cmp     byte ptr ds:68h, 0
seg001:03B7                 jnz     short locret_1046A
seg001:03B9                 not     byte ptr ds:68h
seg001:03BD                 push    ds
seg001:03BE                 sub     ax, ax
seg001:03C0                 mov     ds, ax
seg001:03C2                 assume ds:nothing
seg001:03C2                 mov     bx, ds:20h
seg001:03C6                 mov     cx, ds:22h
seg001:03CA                 mov     word ptr cs:dword_103DE, bx
seg001:03CF                 mov     word ptr cs:dword_103DE+2, cx
seg001:03D4                 pop     ds
seg001:03D5                 assume ds:nothing
seg001:03D5                 cli
seg001:03D6                 mov     byte ptr ds:69h, 3
seg001:03DB                 push    ds
seg001:03DC                 sub     ax, ax
seg001:03DE                 mov     ds, ax
seg001:03E0                 assume ds:nothing
seg001:03E0                 lea     ax, ds:373h
seg001:03E4                 mov     ds:20h, ax
seg001:03E7                 mov     word ptr ds:22h, cs
seg001:03EB                 pop     ds
seg001:03EC                 assume ds:nothing
seg001:03EC                 mov     al, 36h ; '6'
seg001:03EE                 out     43h, al         ; Timer 8253-5 (AT: 8254.2).
seg001:03F0                 mov     ax, 4DAEh
seg001:03F3                 out     40h, al         ; Timer 8253-5 (AT: 8254.2).
seg001:03F5                 mov     al, ah
seg001:03F7                 out     40h, al         ; Timer 8253-5 (AT: 8254.2).
seg001:03F9                 sti
seg001:03FA
seg001:03FA locret_1046A:                           ; CODE XREF: sub_1040B+1C↑j
seg001:03FA                 retn
seg001:03FA sub_1040B       endp
seg001:03FA
seg001:03FB ; ---------------------------------------------------------------------------
seg001:03FB
seg001:03FB loc_1046B:                              ; CODE XREF: seg001:038C↑j
seg001:03FB                 mov     byte ptr ds:69h, 3
seg001:0400                 mov     cs:byte_103E2, 0
seg001:0406                 pop     ds
seg001:0407                 pop     ax
seg001:0408                 jmp     cs:dword_103DE
seg001:040D ; ---------------------------------------------------------------------------
seg001:040D                 cli
seg001:040E                 push    ds
seg001:040F                 mov     bx, word ptr cs:dword_103DE
seg001:0414                 mov     cx, word ptr cs:dword_103DE+2
seg001:0419                 sub     ax, ax
seg001:041B                 mov     ds, ax
seg001:041D                 assume ds:nothing
seg001:041D                 mov     ds:20h, bx
seg001:0421                 mov     ds:22h, cx
seg001:0425                 pop     ds
seg001:0426                 assume ds:nothing
seg001:0426                 mov     al, 36h ; '6'
seg001:0428                 out     43h, al         ; Timer 8253-5 (AT: 8254.2).
seg001:042A                 xor     ax, ax
seg001:042C                 out     40h, al         ; Timer 8253-5 (AT: 8254.2).
seg001:042E                 mov     al, ah
seg001:0430                 out     40h, al         ; Timer 8253-5 (AT: 8254.2).
seg001:0432                 sti
seg001:0433                 retn
seg001:0434
seg001:0434 ; =============== S U B R O U T I N E =======================================
seg001:0434
seg001:0434
seg001:0434 sub_104A4       proc near               ; CODE XREF: seg001:000B↑p
seg001:0434                 mov     al, 9Fh
seg001:0436                 out     0C0h, al        ; DMA controller, 8237A-5.
seg001:0436                                         ; channel 0 base address
seg001:0436                                         ; (also sets current address)
seg001:0438                 mov     al, 0BFh
seg001:043A                 out     0C0h, al        ; DMA controller, 8237A-5.
seg001:043A                                         ; channel 0 base address
seg001:043A                                         ; (also sets current address)
seg001:043C                 mov     al, 0DFh
seg001:043E                 out     0C0h, al        ; DMA controller, 8237A-5.
seg001:043E                                         ; channel 0 base address
seg001:043E                                         ; (also sets current address)
seg001:0440                 mov     al, 0FFh
seg001:0442                 out     0C0h, al        ; DMA controller, 8237A-5.
seg001:0442                                         ; channel 0 base address
seg001:0442                                         ; (also sets current address)
seg001:0444                 mov     cx, 38h ; '8'
seg001:0447                 lea     bx, unk_1009F
seg001:044B
seg001:044B loc_104BB:                              ; CODE XREF: sub_1059B+12↓j
seg001:044B                 xor     ax, ax
seg001:044D                 add     bx, cx
seg001:044F
seg001:044F loc_104BF:                              ; CODE XREF: sub_104A4+1E↓j
seg001:044F                 dec     bx
seg001:0450                 mov     [bx], al
seg001:0452                 loop    loc_104BF
seg001:0454
seg001:0454 locret_104C4:                           ; CODE XREF: seg001:0018↑p
seg001:0454                                         ; seg001:0369↑p ...
seg001:0454                 retn
seg001:0454 sub_104A4       endp
seg001:0454
seg001:0455
seg001:0455 ; =============== S U B R O U T I N E =======================================
seg001:0455
seg001:0455
seg001:0455 sub_104C5       proc near               ; CODE XREF: seg001:0382↑p
seg001:0455                 cmp     byte ptr ds:69h, 1
seg001:045A                 jz      short loc_10506
seg001:045C                 cmp     word ptr ds:63h, 0
seg001:0461                 jz      short loc_104E1
seg001:0463                 cmp     byte ptr ds:49h, 0
seg001:0468                 jnz     short loc_104E1
seg001:046A                 mov     bx, ds:63h
seg001:046E                 jmp     sub_105B0
seg001:0471 ; ---------------------------------------------------------------------------
seg001:0471
seg001:0471 loc_104E1:                              ; CODE XREF: sub_104C5+C↑j
seg001:0471                                         ; sub_104C5+13↑j
seg001:0471                 cmp     byte ptr ds:65h, 0
seg001:0476                 jz      short loc_10506
seg001:0478                 cmp     byte ptr ds:66h, 0
seg001:047D                 jg      short loc_10502
seg001:047F                 mov     byte ptr ds:66h, 1Eh
seg001:0484                 cmp     byte ptr ds:2Fh, 0
seg001:0489                 jnz     short loc_10502
seg001:048B                 lea     bx, ds:1B6h
seg001:048F                 jmp     sub_105B0
seg001:0492 ; ---------------------------------------------------------------------------
seg001:0492
seg001:0492 loc_10502:                              ; CODE XREF: sub_104C5+28↑j
seg001:0492                                         ; sub_104C5+34↑j
seg001:0492                 dec     byte ptr ds:66h
seg001:0496
seg001:0496 loc_10506:                              ; CODE XREF: sub_104C5+5↑j
seg001:0496                                         ; sub_104C5+21↑j
seg001:0496                 lea     di, ds:2Fh
seg001:049A                 call    sub_1051F
seg001:049D                 lea     di, ds:3Ch
seg001:04A1                 call    sub_1051F
seg001:04A4                 lea     di, ds:49h
seg001:04A8                 call    sub_1051F
seg001:04AB                 lea     di, ds:56h
seg001:04AB sub_104C5       endp
seg001:04AB
seg001:04AF
seg001:04AF ; =============== S U B R O U T I N E =======================================
seg001:04AF
seg001:04AF
seg001:04AF sub_1051F       proc near               ; CODE XREF: sub_104C5+45↑p
seg001:04AF                                         ; sub_104C5+4C↑p ...
seg001:04AF                 cmp     byte ptr [di], 0
seg001:04B2                 jz      short locret_104C4
seg001:04B4                 dec     byte ptr [di]
seg001:04B6                 jz      short loc_10592
seg001:04B8                 cmp     word ptr [di+2], 0
seg001:04BC                 jz      short locret_104C4
seg001:04BE                 mov     al, [di+7]
seg001:04C1                 or      al, al
seg001:04C3                 jz      short loc_1058C
seg001:04C5                 mov     bl, al
seg001:04C7                 and     al, 0F0h
seg001:04C9                 jz      short loc_10566
seg001:04CB                 dec     byte ptr [di+4]
seg001:04CE                 jnz     short loc_10566
seg001:04D0                 mov     al, [di+6]
seg001:04D3                 and     al, 0F0h
seg001:04D5                 cbw
seg001:04D6                 mov     cx, [di+2]
seg001:04D9                 add     ax, cx
seg001:04DB                 and     ax, 3FF0h
seg001:04DE                 and     cx, 0C00Fh
seg001:04E2                 or      ax, cx
seg001:04E4                 mov     [di+2], ax
seg001:04E7                 mov     al, bl
seg001:04E9                 and     al, 0F0h
seg001:04EB                 shr     al, 1
seg001:04ED                 shr     al, 1
seg001:04EF                 shr     al, 1
seg001:04F1                 shr     al, 1
seg001:04F3                 mov     [di+4], al
seg001:04F6
seg001:04F6 loc_10566:                              ; CODE XREF: sub_1051F+1A↑j
seg001:04F6                                         ; sub_1051F+1F↑j
seg001:04F6                 mov     al, bl
seg001:04F8                 and     al, 0Fh
seg001:04FA                 jz      short loc_1058C
seg001:04FC                 dec     byte ptr [di+5]
seg001:04FF                 jnz     short loc_1058C
seg001:0501                 mov     al, [di+6]
seg001:0504                 and     al, 0Fh
seg001:0506                 mov     cx, [di+2]
seg001:0509                 add     ax, cx
seg001:050B                 and     ax, 0Fh
seg001:050E                 and     cx, 0FFF0h
seg001:0511                 or      ax, cx
seg001:0513                 mov     [di+2], ax
seg001:0516                 and     bl, 0Fh
seg001:0519                 mov     [di+5], bl
seg001:051C
seg001:051C loc_1058C:                              ; CODE XREF: sub_1051F+14↑j
seg001:051C                                         ; sub_1051F+4B↑j ...
seg001:051C                 mov     bx, [di+2]
seg001:051F                 jmp     sub_10889
seg001:0522 ; ---------------------------------------------------------------------------
seg001:0522
seg001:0522 loc_10592:                              ; CODE XREF: sub_1051F+7↑j
seg001:0522                 mov     bx, [di+0Bh]
seg001:0525                 mov     al, [bx]
seg001:0527                 or      al, al
seg001:0529                 jnz     short loc_105D2
seg001:0529 sub_1051F       endp
seg001:0529
seg001:052B
seg001:052B ; =============== S U B R O U T I N E =======================================
seg001:052B
seg001:052B
seg001:052B sub_1059B       proc near               ; CODE XREF: sub_105C4+5↓p
seg001:052B                                         ; sub_105C4+22↓p
seg001:052B                 mov     bx, [di+2]
seg001:052E                 or      bx, bx
seg001:0530                 jz      short loc_105A8
seg001:0532                 or      bl, 0Fh
seg001:0535                 call    sub_10889
seg001:0538
seg001:0538 loc_105A8:                              ; CODE XREF: sub_1059B+5↑j
seg001:0538                 mov     bx, di
seg001:053A                 mov     cx, 0Dh
seg001:053D                 jmp     loc_104BB
seg001:053D sub_1059B       endp
seg001:053D
seg001:0540
seg001:0540 ; =============== S U B R O U T I N E =======================================
seg001:0540
seg001:0540
seg001:0540 sub_105B0       proc near               ; CODE XREF: sub_104C5+19↑j
seg001:0540                                         ; sub_104C5+3A↑j ...
seg001:0540                 mov     al, [bx]
seg001:0542                 or      al, al
seg001:0544                 jz      short locret_10604
seg001:0546                 and     al, 3
seg001:0548                 cbw
seg001:0549                 mov     cx, 0Dh
seg001:054C                 mul     cx
seg001:054E                 lea     cx, ds:2Fh
seg001:0552                 add     ax, cx
seg001:0552 sub_105B0       endp
seg001:0552
seg001:0554
seg001:0554 ; =============== S U B R O U T I N E =======================================
seg001:0554
seg001:0554
seg001:0554 sub_105C4       proc near               ; CODE XREF: sub_1067E+1B↓p
seg001:0554                 mov     di, ax
seg001:0556                 push    bx
seg001:0557                 push    word ptr [di]
seg001:0559                 call    sub_1059B
seg001:055C                 pop     word ptr [di]
seg001:055E                 pop     bx
seg001:055F                 mov     [di+9], bx
seg001:0562
seg001:0562 loc_105D2:                              ; CODE XREF: sub_1051F+7A↑j
seg001:0562                 mov     al, [bx]
seg001:0564                 inc     bx
seg001:0565                 and     ax, 7Fh
seg001:0568                 test    al, 88h
seg001:056A                 jz      short loc_10605
seg001:056C                 push    bx
seg001:056D                 push    ax
seg001:056E                 mov     ax, [di+9]
seg001:0571                 push    ax
seg001:0572                 mov     al, [di+8]
seg001:0575                 push    ax
seg001:0576                 call    sub_1059B
seg001:0579                 pop     ax
seg001:057A                 mov     [di+8], al
seg001:057D                 pop     ax
seg001:057E                 mov     [di+9], ax
seg001:0581                 pop     ax
seg001:0582                 pop     bx
seg001:0583                 jmp     short loc_10630
seg001:0583 ; ---------------------------------------------------------------------------
seg001:0585                 db  90h
seg001:0586 ; ---------------------------------------------------------------------------
seg001:0586
seg001:0586 loc_105F6:                              ; CODE XREF: sub_105C4+6E↓j
seg001:0586                 test    al, 84h
seg001:0588                 jnz     short loc_10642
seg001:058A
seg001:058A loc_105FA:                              ; CODE XREF: sub_105C4+84↓j
seg001:058A                 mov     cx, bx
seg001:058C                 inc     cx
seg001:058D
seg001:058D loc_105FD:                              ; CODE XREF: sub_105C4+8C↓j
seg001:058D                 mov     [di+0Bh], cx
seg001:0590                 mov     cl, [bx]
seg001:0592                 mov     [di], cl
seg001:0594
seg001:0594 locret_10604:                           ; CODE XREF: sub_105B0+4↑j
seg001:0594                 retn
seg001:0595 ; ---------------------------------------------------------------------------
seg001:0595
seg001:0595 loc_10605:                              ; CODE XREF: sub_105C4+16↑j
seg001:0595                 mov     cx, [bx]
seg001:0597                 inc     bx
seg001:0598                 inc     bx
seg001:0599                 mov     [di+2], cx
seg001:059C                 test    al, 0B0h
seg001:059E                 jnz     short loc_10615
seg001:05A0                 xor     cx, cx
seg001:05A2                 jmp     short loc_1062D
seg001:05A2 ; ---------------------------------------------------------------------------
seg001:05A4                 db  90h
seg001:05A5 ; ---------------------------------------------------------------------------
seg001:05A5
seg001:05A5 loc_10615:                              ; CODE XREF: sub_105C4+4A↑j
seg001:05A5                 test    al, 0A0h
seg001:05A7                 jz      short loc_1061F
seg001:05A9                 mov     cl, [bx]
seg001:05AB                 inc     bx
seg001:05AC                 mov     [di+4], cl
seg001:05AF
seg001:05AF loc_1061F:                              ; CODE XREF: sub_105C4+53↑j
seg001:05AF                 test    al, 90h
seg001:05B1                 jz      short loc_10629
seg001:05B3                 mov     cl, [bx]
seg001:05B5                 inc     bx
seg001:05B6                 mov     [di+5], cl
seg001:05B9
seg001:05B9 loc_10629:                              ; CODE XREF: sub_105C4+5D↑j
seg001:05B9                 mov     cx, [bx]
seg001:05BB                 inc     bx
seg001:05BC                 inc     bx
seg001:05BD
seg001:05BD loc_1062D:                              ; CODE XREF: sub_105C4+4E↑j
seg001:05BD                 mov     [di+6], cx
seg001:05C0
seg001:05C0 loc_10630:                              ; CODE XREF: sub_105C4+2F↑j
seg001:05C0                 test    al, 0C0h
seg001:05C2                 jz      short loc_105F6
seg001:05C4                 mov     cl, [bx]
seg001:05C6                 inc     bx
seg001:05C7                 cmp     byte ptr [di+8], 0
seg001:05CB                 jz      short loc_1064A
seg001:05CD                 dec     byte ptr [di+8]
seg001:05D0                 jnz     short loc_1064D
seg001:05D2
seg001:05D2 loc_10642:                              ; CODE XREF: sub_105C4+34↑j
seg001:05D2                 mov     cx, bx
seg001:05D4                 inc     cx
seg001:05D5                 mov     [di+9], cx
seg001:05D8                 jmp     short loc_105FA
seg001:05DA ; ---------------------------------------------------------------------------
seg001:05DA
seg001:05DA loc_1064A:                              ; CODE XREF: sub_105C4+77↑j
seg001:05DA                 mov     [di+8], cl
seg001:05DD
seg001:05DD loc_1064D:                              ; CODE XREF: sub_105C4+7C↑j
seg001:05DD                 mov     cx, [di+9]
seg001:05E0                 jmp     short loc_105FD
seg001:05E0 sub_105C4       endp
seg001:05E0
seg001:05E2
seg001:05E2 ; =============== S U B R O U T I N E =======================================
seg001:05E2
seg001:05E2
seg001:05E2 sub_10652       proc near               ; CODE XREF: seg001:0018↑p
seg001:05E2                                         ; seg001:0369↑p
seg001:05E2                                         ; DATA XREF: ...
seg001:05E2                 mov     al, 32h ; '2'
seg001:05E4                 cmp     al, ds:30h
seg001:05E8                 jb      short locret_1069D
seg001:05EA                 lea     bx, ds:0F0h
seg001:05EE                 jmp     sub_107B2
seg001:05EE sub_10652       endp
seg001:05EE
seg001:05F1
seg001:05F1 ; =============== S U B R O U T I N E =======================================
seg001:05F1
seg001:05F1
seg001:05F1 sub_10661       proc near               ; CODE XREF: seg001:0018↑p
seg001:05F1                                         ; seg001:0369↑p
seg001:05F1                                         ; DATA XREF: ...
seg001:05F1                 mov     al, 1Eh
seg001:05F3                 cmp     al, ds:30h
seg001:05F7                 jb      short locret_1069D
seg001:05F9                 lea     bx, ds:108h
seg001:05FD                 call    sub_107B2
seg001:0600                 lea     bx, ds:100h
seg001:0604                 jmp     sub_107B5
seg001:0604 sub_10661       endp
seg001:0604
seg001:0607
seg001:0607 ; =============== S U B R O U T I N E =======================================
seg001:0607
seg001:0607
seg001:0607 sub_10677       proc near               ; CODE XREF: seg001:0018↑p
seg001:0607                                         ; seg001:0369↑p
seg001:0607                                         ; DATA XREF: ...
seg001:0607                 lea     bx, ds:9Dh
seg001:060B                 jmp     sub_107B5
seg001:060B sub_10677       endp
seg001:060B
seg001:060E
seg001:060E ; =============== S U B R O U T I N E =======================================
seg001:060E
seg001:060E
seg001:060E sub_1067E       proc near               ; CODE XREF: seg001:0018↑p
seg001:060E                                         ; seg001:0369↑p
seg001:060E                                         ; DATA XREF: ...
seg001:060E                 mov     al, 64h ; 'd'
seg001:0610                 cmp     al, ds:30h
seg001:0614                 lea     bx, ds:198h
seg001:0618                 jb      short loc_10694
seg001:061A                 call    sub_107B2
seg001:061D                 lea     bx, ds:1A7h
seg001:0621                 jmp     sub_107B5
seg001:0624 ; ---------------------------------------------------------------------------
seg001:0624
seg001:0624 loc_10694:                              ; CODE XREF: sub_1067E+A↑j
seg001:0624                 cli
seg001:0625                 lea     ax, ds:3Ch
seg001:0629                 call    sub_105C4
seg001:062C                 sti
seg001:062D
seg001:062D locret_1069D:                           ; CODE XREF: sub_10652+6↑j
seg001:062D                                         ; sub_10661+6↑j
seg001:062D                 retn
seg001:062D sub_1067E       endp
seg001:062D
seg001:062E
seg001:062E ; =============== S U B R O U T I N E =======================================
seg001:062E
seg001:062E
seg001:062E sub_1069E       proc near               ; CODE XREF: seg001:0018↑p
seg001:062E                                         ; seg001:0369↑p
seg001:062E                                         ; DATA XREF: ...
seg001:062E                 lea     bx, ds:1BBh
seg001:0632                 jmp     short loc_106A9
seg001:0632 sub_1069E       endp
seg001:0632
seg001:0632 ; ---------------------------------------------------------------------------
seg001:0634                 db  90h
seg001:0635
seg001:0635 ; =============== S U B R O U T I N E =======================================
seg001:0635
seg001:0635
seg001:0635 sub_106A5       proc near               ; CODE XREF: seg001:0018↑p
seg001:0635                                         ; seg001:0369↑p
seg001:0635                                         ; DATA XREF: ...
seg001:0635                 lea     bx, ds:1C3h
seg001:0639
seg001:0639 loc_106A9:                              ; CODE XREF: sub_1069E+4↑j
seg001:0639                 mov     ds:63h, bx
seg001:063D                 jmp     sub_107B5
seg001:063D sub_106A5       endp
seg001:063D
seg001:0640
seg001:0640 ; =============== S U B R O U T I N E =======================================
seg001:0640
seg001:0640
seg001:0640 sub_106B0       proc near               ; CODE XREF: seg001:0018↑p
seg001:0640                                         ; seg001:0369↑p
seg001:0640                                         ; DATA XREF: ...
seg001:0640                 mov     word ptr ds:63h, 0
seg001:0646                 cmp     byte ptr ds:49h, 0
seg001:064B                 jz      short locret_106C2
seg001:064D                 mov     byte ptr ds:49h, 1
seg001:0652
seg001:0652 locret_106C2:                           ; CODE XREF: sub_106B0+B↑j
seg001:0652                 retn
seg001:0652 sub_106B0       endp
seg001:0652
seg001:0653
seg001:0653 ; =============== S U B R O U T I N E =======================================
seg001:0653
seg001:0653
seg001:0653 sub_106C3       proc near               ; CODE XREF: seg001:0018↑p
seg001:0653                                         ; seg001:0369↑p
seg001:0653                                         ; DATA XREF: ...
seg001:0653                 mov     word ptr ds:63h, 0
seg001:0659                 lea     bx, ds:74h
seg001:065D                 jmp     sub_107B5
seg001:065D sub_106C3       endp
seg001:065D
seg001:0660
seg001:0660 ; =============== S U B R O U T I N E =======================================
seg001:0660
seg001:0660
seg001:0660 sub_106D0       proc near               ; CODE XREF: seg001:0018↑p
seg001:0660                                         ; seg001:0369↑p
seg001:0660                                         ; DATA XREF: ...
seg001:0660                 lea     bx, ds:72h
seg001:0664                 jmp     sub_107B5
seg001:0664 sub_106D0       endp
seg001:0664
seg001:0667
seg001:0667 ; =============== S U B R O U T I N E =======================================
seg001:0667
seg001:0667
seg001:0667 sub_106D7       proc near               ; CODE XREF: seg001:0018↑p
seg001:0667                                         ; seg001:0369↑p
seg001:0667                                         ; DATA XREF: ...
seg001:0667                 mov     byte ptr ds:66h, 1Eh
seg001:066C                 mov     byte ptr ds:65h, 0FFh
seg001:0671                 retn
seg001:0671 sub_106D7       endp
seg001:0671
seg001:0672
seg001:0672 ; =============== S U B R O U T I N E =======================================
seg001:0672
seg001:0672
seg001:0672 sub_106E2       proc near               ; CODE XREF: seg001:0018↑p
seg001:0672                                         ; seg001:0369↑p
seg001:0672                                         ; DATA XREF: ...
seg001:0672                 mov     byte ptr ds:65h, 0
seg001:0677
seg001:0677 locret_106E7:                           ; CODE XREF: sub_106E8+6↓j
seg001:0677                                         ; sub_106FE+6↓j ...
seg001:0677                 retn
seg001:0677 sub_106E2       endp
seg001:0677
seg001:0678
seg001:0678 ; =============== S U B R O U T I N E =======================================
seg001:0678
seg001:0678
seg001:0678 sub_106E8       proc near               ; CODE XREF: seg001:0018↑p
seg001:0678                                         ; seg001:0369↑p
seg001:0678                                         ; DATA XREF: ...
seg001:0678                 mov     al, 4Bh ; 'K'
seg001:067A                 cmp     al, ds:30h
seg001:067E                 jb      short locret_106E7
seg001:0680                 lea     bx, ds:153h
seg001:0684
seg001:0684 loc_106F4:                              ; CODE XREF: sub_1071C+C↓j
seg001:0684                 call    sub_107B2
seg001:0687                 lea     bx, ds:143h
seg001:068B                 jmp     sub_107B5
seg001:068B sub_106E8       endp
seg001:068B
seg001:068E
seg001:068E ; =============== S U B R O U T I N E =======================================
seg001:068E
seg001:068E
seg001:068E sub_106FE       proc near               ; CODE XREF: seg001:0018↑p
seg001:068E                                         ; seg001:0369↑p
seg001:068E                                         ; DATA XREF: ...
seg001:068E                 mov     al, 32h ; '2'
seg001:0690                 cmp     al, ds:30h
seg001:0694                 jb      short locret_106E7
seg001:0696                 lea     bx, ds:8Dh
seg001:069A                 jmp     sub_107B2
seg001:069A sub_106FE       endp
seg001:069A
seg001:069D
seg001:069D ; =============== S U B R O U T I N E =======================================
seg001:069D
seg001:069D
seg001:069D sub_1070D       proc near               ; CODE XREF: seg001:0018↑p
seg001:069D                                         ; seg001:0369↑p
seg001:069D                                         ; DATA XREF: ...
seg001:069D                 mov     al, 32h ; '2'
seg001:069F                 cmp     al, ds:30h
seg001:06A3                 jb      short locret_106E7
seg001:06A5                 lea     bx, ds:11Fh
seg001:06A9                 jmp     sub_107B2
seg001:06A9 sub_1070D       endp
seg001:06A9
seg001:06AC
seg001:06AC ; =============== S U B R O U T I N E =======================================
seg001:06AC
seg001:06AC
seg001:06AC sub_1071C       proc near               ; CODE XREF: seg001:0018↑p
seg001:06AC                                         ; seg001:0369↑p
seg001:06AC                                         ; DATA XREF: ...
seg001:06AC                 mov     al, 41h ; 'A'
seg001:06AE                 cmp     al, ds:30h
seg001:06B2                 jb      short locret_106E7
seg001:06B4                 lea     bx, ds:15Bh
seg001:06B8                 jmp     short loc_106F4
seg001:06B8 sub_1071C       endp
seg001:06B8
seg001:06BA
seg001:06BA ; =============== S U B R O U T I N E =======================================
seg001:06BA
seg001:06BA
seg001:06BA sub_1072A       proc near               ; CODE XREF: seg001:0018↑p
seg001:06BA                                         ; seg001:0369↑p
seg001:06BA                                         ; DATA XREF: ...
seg001:06BA                 lea     bx, ds:16Ah
seg001:06BE                 jmp     short loc_10735
seg001:06BE sub_1072A       endp
seg001:06BE
seg001:06BE ; ---------------------------------------------------------------------------
seg001:06C0                 db  90h
seg001:06C1
seg001:06C1 ; =============== S U B R O U T I N E =======================================
seg001:06C1
seg001:06C1
seg001:06C1 sub_10731       proc near               ; CODE XREF: seg001:0018↑p
seg001:06C1                                         ; seg001:0369↑p
seg001:06C1                                         ; DATA XREF: ...
seg001:06C1                 lea     bx, ds:174h
seg001:06C5
seg001:06C5 loc_10735:                              ; CODE XREF: sub_1072A+4↑j
seg001:06C5                 call    sub_107B5
seg001:06C8                 lea     bx, ds:163h
seg001:06CC                 jmp     short sub_107B5
seg001:06CC sub_10731       endp
seg001:06CC
seg001:06CC ; ---------------------------------------------------------------------------
seg001:06CE                 db  90h
seg001:06CF
seg001:06CF ; =============== S U B R O U T I N E =======================================
seg001:06CF
seg001:06CF
seg001:06CF sub_1073F       proc near               ; CODE XREF: seg001:0018↑p
seg001:06CF                                         ; seg001:0369↑p
seg001:06CF                                         ; DATA XREF: ...
seg001:06CF                 lea     bx, ds:16Ch
seg001:06D3                 jmp     short loc_1074A
seg001:06D3 sub_1073F       endp
seg001:06D3
seg001:06D3 ; ---------------------------------------------------------------------------
seg001:06D5                 db  90h
seg001:06D6
seg001:06D6 ; =============== S U B R O U T I N E =======================================
seg001:06D6
seg001:06D6
seg001:06D6 sub_10746       proc near               ; CODE XREF: seg001:0018↑p
seg001:06D6                                         ; seg001:0369↑p
seg001:06D6                                         ; DATA XREF: ...
seg001:06D6                 lea     bx, ds:176h
seg001:06DA
seg001:06DA loc_1074A:                              ; CODE XREF: sub_1073F+4↑j
seg001:06DA                 mov     al, 28h ; '('
seg001:06DC                 cmp     al, ds:30h
seg001:06E0                 jb      short locret_107BA
seg001:06E2                 call    sub_107B2
seg001:06E5                 lea     bx, ds:165h
seg001:06E9                 jmp     short sub_107B5
seg001:06E9 sub_10746       endp
seg001:06E9
seg001:06E9 ; ---------------------------------------------------------------------------
seg001:06EB                 db  90h
seg001:06EC
seg001:06EC ; =============== S U B R O U T I N E =======================================
seg001:06EC
seg001:06EC
seg001:06EC sub_1075C       proc near               ; CODE XREF: seg001:0018↑p
seg001:06EC                                         ; seg001:0369↑p
seg001:06EC                                         ; DATA XREF: ...
seg001:06EC                 mov     al, 3Ch ; '<'
seg001:06EE                 cmp     al, ds:30h
seg001:06F2                 jb      short locret_107BA
seg001:06F4                 lea     bx, ds:0A6h
seg001:06F8                 jmp     short sub_107B2
seg001:06F8 sub_1075C       endp
seg001:06F8
seg001:06F8 ; ---------------------------------------------------------------------------
seg001:06FA                 db  90h
seg001:06FB
seg001:06FB ; =============== S U B R O U T I N E =======================================
seg001:06FB
seg001:06FB
seg001:06FB sub_1076B       proc near               ; CODE XREF: seg001:0018↑p
seg001:06FB                                         ; seg001:0369↑p
seg001:06FB                                         ; DATA XREF: ...
seg001:06FB                 mov     al, 63h ; 'c'
seg001:06FD                 cmp     al, ds:30h
seg001:0701                 jb      short locret_107BA
seg001:0703                 lea     bx, ds:187h
seg001:0707                 call    sub_107B2
seg001:070A                 lea     bx, ds:17Eh
seg001:070E                 jmp     short sub_107B5
seg001:070E sub_1076B       endp
seg001:070E
seg001:070E ; ---------------------------------------------------------------------------
seg001:0710                 db  90h
seg001:0711
seg001:0711 ; =============== S U B R O U T I N E =======================================
seg001:0711
seg001:0711
seg001:0711 sub_10781       proc near               ; CODE XREF: seg001:0018↑p
seg001:0711                                         ; seg001:0369↑p
seg001:0711                                         ; DATA XREF: ...
seg001:0711                 mov     al, 46h ; 'F'
seg001:0713                 cmp     al, ds:30h
seg001:0717                 jb      short locret_107BA
seg001:0719                 lea     bx, ds:0F8h
seg001:071D                 jmp     short loc_1079C
seg001:071D sub_10781       endp
seg001:071D
seg001:071D ; ---------------------------------------------------------------------------
seg001:071F                 db  90h
seg001:0720
seg001:0720 ; =============== S U B R O U T I N E =======================================
seg001:0720
seg001:0720
seg001:0720 sub_10790       proc near               ; CODE XREF: seg001:0018↑p
seg001:0720                                         ; seg001:0369↑p
seg001:0720                                         ; DATA XREF: ...
seg001:0720                 mov     al, 5Fh ; '_'
seg001:0722                 cmp     al, ds:30h
seg001:0726                 jb      short locret_107BA
seg001:0728                 lea     bx, ds:13Bh
seg001:072C
seg001:072C loc_1079C:                              ; CODE XREF: sub_10781+C↑j
seg001:072C                 call    sub_107B2
seg001:072F                 lea     bx, ds:133h
seg001:0733                 jmp     short sub_107B5
seg001:0733 sub_10790       endp
seg001:0733
seg001:0733 ; ---------------------------------------------------------------------------
seg001:0735                 db  90h
seg001:0736
seg001:0736 ; =============== S U B R O U T I N E =======================================
seg001:0736
seg001:0736
seg001:0736 sub_107A6       proc near               ; CODE XREF: seg001:0018↑p
seg001:0736                                         ; seg001:0369↑p
seg001:0736                                         ; DATA XREF: ...
seg001:0736                 mov     al, 2Eh ; '.'
seg001:0738                 cmp     al, ds:30h
seg001:073C                 jb      short locret_107BA
seg001:073E                 lea     bx, ds:126h
seg001:073E sub_107A6       endp
seg001:073E
seg001:0742
seg001:0742 ; =============== S U B R O U T I N E =======================================
seg001:0742
seg001:0742
seg001:0742 sub_107B2       proc near               ; CODE XREF: sub_10652+C↑j
seg001:0742                                         ; sub_10661+C↑p ...
seg001:0742                 mov     ds:30h, al
seg001:0742 sub_107B2       endp
seg001:0742
seg001:0745
seg001:0745 ; =============== S U B R O U T I N E =======================================
seg001:0745
seg001:0745
seg001:0745 sub_107B5       proc near               ; CODE XREF: sub_10661+13↑j
seg001:0745                                         ; sub_10677+4↑j ...
seg001:0745                 cli
seg001:0746                 call    sub_105B0
seg001:0749                 sti
seg001:074A
seg001:074A locret_107BA:                           ; CODE XREF: sub_10746+A↑j
seg001:074A                                         ; sub_1075C+6↑j ...
seg001:074A                 retn
seg001:074A sub_107B5       endp
seg001:074A
seg001:074B
seg001:074B ; =============== S U B R O U T I N E =======================================
seg001:074B
seg001:074B
seg001:074B sub_107BB       proc near               ; CODE XREF: seg001:0018↑p
seg001:074B                                         ; seg001:0369↑p
seg001:074B                                         ; DATA XREF: ...
seg001:074B                 mov     al, 2Dh ; '-'
seg001:074D                 cmp     al, ds:30h
seg001:0751                 jb      short locret_107BA
seg001:0753                 lea     bx, ds:12Eh
seg001:0757                 jmp     short sub_107B2
seg001:0757 sub_107BB       endp
seg001:0757
seg001:0759
seg001:0759 ; =============== S U B R O U T I N E =======================================
seg001:0759
seg001:0759
seg001:0759 sub_107C9       proc near               ; CODE XREF: seg001:0018↑p
seg001:0759                                         ; seg001:0369↑p
seg001:0759                                         ; DATA XREF: ...
seg001:0759                 mov     al, 55h ; 'U'
seg001:075B                 cmp     al, ds:30h
seg001:075F                 jb      short locret_107BA
seg001:0761                 lea     bx, ds:190h
seg001:0765                 jmp     short sub_107B2
seg001:0765 sub_107C9       endp
seg001:0765
seg001:0767
seg001:0767 ; =============== S U B R O U T I N E =======================================
seg001:0767
seg001:0767
seg001:0767 sub_107D7       proc near               ; CODE XREF: seg001:0018↑p
seg001:0767                                         ; seg001:0369↑p
seg001:0767                                         ; DATA XREF: ...
seg001:0767                 mov     al, 32h ; '2'
seg001:0769                 cmp     al, ds:30h
seg001:076D                 jb      short locret_107BA
seg001:076F                 lea     bx, ds:117h
seg001:0773                 jmp     short sub_107B2
seg001:0773 sub_107D7       endp
seg001:0773
seg001:0775
seg001:0775 ; =============== S U B R O U T I N E =======================================
seg001:0775
seg001:0775
seg001:0775 sub_107E5       proc near               ; CODE XREF: seg001:0018↑p
seg001:0775                                         ; seg001:0369↑p
seg001:0775                                         ; DATA XREF: ...
seg001:0775                 mov     al, 50h ; 'P'
seg001:0777                 cmp     al, ds:30h
seg001:077B                 jb      short locret_107BA
seg001:077D                 lea     bx, ds:14Bh
seg001:0781                 call    sub_107B2
seg001:0784                 lea     bx, ds:153h
seg001:0788                 jmp     short sub_107B5
seg001:0788 sub_107E5       endp
seg001:0788
seg001:078A
seg001:078A ; =============== S U B R O U T I N E =======================================
seg001:078A
seg001:078A
seg001:078A sub_107FA       proc near               ; CODE XREF: seg001:0018↑p
seg001:078A                                         ; seg001:0369↑p
seg001:078A                                         ; DATA XREF: ...
seg001:078A                 lea     bx, ds:0AEh
seg001:078E                 jmp     short loc_10805
seg001:078E sub_107FA       endp
seg001:078E
seg001:078E ; ---------------------------------------------------------------------------
seg001:0790                 db  90h
seg001:0791
seg001:0791 ; =============== S U B R O U T I N E =======================================
seg001:0791
seg001:0791
seg001:0791 sub_10801       proc near               ; CODE XREF: seg001:0018↑p
seg001:0791                                         ; seg001:0369↑p
seg001:0791                                         ; DATA XREF: ...
seg001:0791                 lea     bx, ds:0C4h
seg001:0795
seg001:0795 loc_10805:                              ; CODE XREF: sub_107FA+4↑j
seg001:0795                 call    sub_107B5
seg001:0798                 lea     bx, ds:0DAh
seg001:079C                 jmp     short sub_107B5
seg001:079C sub_10801       endp
seg001:079C
seg001:079E
seg001:079E ; =============== S U B R O U T I N E =======================================
seg001:079E
seg001:079E
seg001:079E sub_1080E       proc near               ; CODE XREF: seg001:0018↑p
seg001:079E                                         ; seg001:0369↑p
seg001:079E                                         ; DATA XREF: ...
seg001:079E                 lea     bx, ds:0E1h
seg001:07A2                 jmp     short sub_107B5
seg001:07A2 sub_1080E       endp
seg001:07A2
seg001:07A4
seg001:07A4 ; =============== S U B R O U T I N E =======================================
seg001:07A4
seg001:07A4
seg001:07A4 sub_10814       proc near               ; CODE XREF: seg001:0018↑p
seg001:07A4                                         ; seg001:0369↑p
seg001:07A4                                         ; DATA XREF: ...
seg001:07A4                 lea     bx, ds:1D0h
seg001:07A8                 jmp     short sub_107B5
seg001:07A8 sub_10814       endp
seg001:07A8
seg001:07AA
seg001:07AA ; =============== S U B R O U T I N E =======================================
seg001:07AA
seg001:07AA
seg001:07AA sub_1081A       proc near               ; CODE XREF: seg001:0018↑p
seg001:07AA                                         ; seg001:0369↑p
seg001:07AA                                         ; DATA XREF: ...
seg001:07AA                 lea     bx, ds:1CBh
seg001:07AE                 jmp     short sub_107B5
seg001:07AE sub_1081A       endp
seg001:07AE
seg001:07B0
seg001:07B0 ; =============== S U B R O U T I N E =======================================
seg001:07B0
seg001:07B0
seg001:07B0 sub_10820       proc near               ; CODE XREF: seg001:0018↑p
seg001:07B0                                         ; seg001:0369↑p
seg001:07B0                                         ; DATA XREF: ...
seg001:07B0                 lea     bx, ds:6Ah
seg001:07B4                 jmp     short sub_107B5
seg001:07B4 sub_10820       endp
seg001:07B4
seg001:07B6
seg001:07B6 ; =============== S U B R O U T I N E =======================================
seg001:07B6
seg001:07B6
seg001:07B6 sub_10826       proc near               ; CODE XREF: seg001:0018↑p
seg001:07B6                                         ; seg001:0369↑p
seg001:07B6                                         ; DATA XREF: ...
seg001:07B6                 lea     bx, ds:110h
seg001:07BA                 call    sub_107B5
seg001:07BD                 lea     bx, ds:84h
seg001:07C1                 jmp     short sub_107B5
seg001:07C1 sub_10826       endp
seg001:07C1
seg001:07C3
seg001:07C3 ; =============== S U B R O U T I N E =======================================
seg001:07C3
seg001:07C3
seg001:07C3 sub_10833       proc near               ; CODE XREF: seg001:0018↑p
seg001:07C3                                         ; seg001:0369↑p ...
seg001:07C3                 lea     bx, ds:1EFh
seg001:07C7                 call    sub_107B5
seg001:07CA                 lea     bx, ds:1DFh
seg001:07CE                 mov     ds:38h, bx
seg001:07D2                 lea     bx, ds:23Dh
seg001:07D6                 call    sub_107B5
seg001:07D9                 lea     bx, ds:235h
seg001:07DD                 mov     ds:45h, bx
seg001:07DD sub_10833       endp
seg001:07DD
seg001:07E1
seg001:07E1 ; =============== S U B R O U T I N E =======================================
seg001:07E1
seg001:07E1
seg001:07E1 sub_10851       proc near               ; CODE XREF: seg001:0018↑p
seg001:07E1                                         ; seg001:0369↑p
seg001:07E1                                         ; DATA XREF: ...
seg001:07E1                 lea     bx, ds:28Bh
seg001:07E5                 call    sub_107B5
seg001:07E8                 lea     bx, ds:26Bh
seg001:07EC                 mov     ds:52h, bx
seg001:07F0                 lea     bx, ds:2FDh
seg001:07F4                 jmp     sub_107B5
seg001:07F4 sub_10851       endp
seg001:07F4
seg001:07F7
seg001:07F7 ; =============== S U B R O U T I N E =======================================
seg001:07F7
seg001:07F7
seg001:07F7 sub_10867       proc near               ; CODE XREF: seg001:0018↑p
seg001:07F7                                         ; seg001:0369↑p
seg001:07F7                                         ; DATA XREF: ...
seg001:07F7                 call    sub_10833
seg001:07FA                 lea     bx, ds:210h
seg001:07FE                 mov     ds:38h, bx
seg001:0802                 lea     bx, ds:246h
seg001:0806                 mov     ds:45h, bx
seg001:080A                 lea     bx, ds:2ACh
seg001:080E                 mov     ds:52h, bx
seg001:0812                 mov     bl, 18h
seg001:0814                 mov     ds:5Eh, bl
seg001:0818                 retn
seg001:0818 sub_10867       endp
seg001:0818
seg001:0819
seg001:0819 ; =============== S U B R O U T I N E =======================================
seg001:0819
seg001:0819
seg001:0819 sub_10889       proc near               ; CODE XREF: sub_1051F+70↑j
seg001:0819                                         ; sub_1059B+A↑p
seg001:0819                 cmp     byte ptr ds:67h, 0FFh
seg001:081E                 jz      short locret_108BC
seg001:0820                 mov     ax, bx
seg001:0822                 cmp     ah, 0BFh
seg001:0825                 ja      short loc_108BD
seg001:0827                 shr     ah, 1
seg001:0829                 or      ah, 90h
seg001:082C                 and     ah, 0F0h
seg001:082F                 and     al, 0Fh
seg001:0831                 or      al, ah
seg001:0833                 out     0C0h, al        ; DMA controller, 8237A-5.
seg001:0833                                         ; channel 0 base address
seg001:0833                                         ; (also sets current address)
seg001:0835                 and     ah, 0E0h
seg001:0838                 mov     al, bl
seg001:083A                 shr     al, 1
seg001:083C                 shr     al, 1
seg001:083E                 shr     al, 1
seg001:0840                 shr     al, 1
seg001:0842                 or      al, ah
seg001:0844                 out     0C0h, al        ; DMA controller, 8237A-5.
seg001:0844                                         ; channel 0 base address
seg001:0844                                         ; (also sets current address)
seg001:0846                 mov     al, bh
seg001:0848                 and     al, 3Fh
seg001:084A                 out     0C0h, al        ; DMA controller, 8237A-5.
seg001:084A                                         ; channel 0 base address
seg001:084A                                         ; (also sets current address)
seg001:084C
seg001:084C locret_108BC:                           ; CODE XREF: sub_10889+5↑j
seg001:084C                 retn
seg001:084D ; ---------------------------------------------------------------------------
seg001:084D
seg001:084D loc_108BD:                              ; CODE XREF: sub_10889+C↑j
seg001:084D                 mov     al, bh
seg001:084F                 or      al, 0E0h
seg001:0851                 out     0C0h, al        ; DMA controller, 8237A-5.
seg001:0851                                         ; channel 0 base address
seg001:0851                                         ; (also sets current address)
seg001:0853                 mov     al, bl
seg001:0855                 or      al, 0F0h
seg001:0857                 out     0C0h, al        ; DMA controller, 8237A-5.
seg001:0857                                         ; channel 0 base address
seg001:0857                                         ; (also sets current address)
seg001:0859                 retn
seg001:0859 sub_10889       endp
seg001:0859
seg001:0859 seg001          ends
seg001:0859
seg001:0859
seg001:0859                 end start
